// Jest Snapshot v1, https://goo.gl/fbAQLP

exports[`Tabs when rendering it renders correctly 1`] = `
<article
  class="tabs"
>
  <section
    class="tabs__controls"
  >
    
    <button
      class="button button--active"
    >
      Single Vin
    </button>
    <button
      class="button"
    >
      Bulk Vin
    </button>
    <button
      class="button"
    >
      Manual Entry
    </button>
    
  </section>
</article>
`;
