// Jest Snapshot v1, https://goo.gl/fbAQLP

exports[`Input when rendering it renders correctly 1`] = `
<article
  class="vin-details"
>
  <h3>
    Active vehicules
    <span>
      : 1
    </span>
  </h3>
  <section
    class="vin-details__info"
    id="info"
  >
    <div
      class="vin-details__head"
    >
      <span
        class="vin"
      >
        1. 
      </span>
      <div
        class="vin-details__controls"
      >
        <button>
          Delete
        </button>
        <span
          class="caret"
          id="caret"
        >
          ❯
        </span>
      </div>
    </div>
    <div
      class="vin-details__content"
    >
      <div
        class="vin-details__fields"
      >
        <input-stub
          id="number"
          inputvalue=""
          isval="true"
          label="VIN#"
          placeholder="Enter VIN"
        />
        <input-stub
          inputvalue=""
          isval="true"
          label="Year"
          placeholder="VIN year"
        />
        <input-stub
          inputvalue=""
          isval="true"
          label="Make"
          placeholder="VIN maker"
        />
        <input-stub
          inputvalue=""
          isval="true"
          label="Model"
          placeholder="VIN model"
        />
      </div>
      <div
        class="vin-details__btns"
      >
        <button>
          Cancel
        </button>
        <button>
          Save
        </button>
      </div>
    </div>
  </section>
</article>
`;
